
 ets Jan  8 2013,rst cause:2, boot mode:(3,6)

load 0x40100000, len 7536, room 16
tail 0
chksum 0x81
load 0x3ffe8408, len 24, room 8
tail 0
chksum 0x38
load 0x3ffe8420, len 3468, room 8
tail 4
chksum 0x57
csum 0x57
I (43) boot: ESP-IDF v3.4-71-g7085cc76 2nd stage bootloader
I (43) boot: compile time 21:27:34
I (43) boot: SPI Speed      : 40MHz
I (50) boot: SPI Mode       : DIO
I (56) boot: SPI Flash Size : 1MB
I (62) boot: Partition Table:
I (67) boot: ## Label            Usage          Type ST Offset   Length
I (79) boot:  0 nvs              WiFi data        01 02 00009000 00006000
I (90) boot:  1 phy_init         RF data          01 01 0000f000 00001000
I (102) boot:  2 factory          factory app      00 00 00010000 000f0000
I (113) boot: End of partition table
I (120) esp_image: segment 0: paddr=0x00010010 vaddr=0x40210010 size=0x15dc0 ( 89536) map
I (170) esp_image: segment 1: paddr=0x00025dd8 vaddr=0x40225dd0 size=0x05920 ( 22816) map
I (181) esp_image: segment 2: paddr=0x0002b700 vaddr=0x3ffe8000 size=0x003dc (   988) load
I (182) esp_image: segment 3: paddr=0x0002bae4 vaddr=0x40100000 size=0x00080 (   128) load
I (196) esp_image: segment 4: paddr=0x0002bb6c vaddr=0x40100080 size=0x04590 ( 17808) load
I (216) boot: Loaded app from partition at offset 0x10000
I (237) gpio: GPIO[2]| InputEn: 0| OutputEn: 1| OpenDrain: 0| Pullup: 0| Pulldown: 0| Intr:0
I (242) main: GPIO ON

I (1740) main: GPIO ON

I (3240) main: GPIO ON

I (4740) main: GPIO ON

I (6240) main: GPIO ON

I (7740) main: GPIO ON

I (9240) main: GPIO ON

I (10741) main: GPIO ON

I (12241) main: GPIO ON

I (13741) main: GPIO ON

I (15241) main: GPIO ON

I (16741) main: GPIO ON

I (18241) main: GPIO ON